2025-05-19 22:20:24,093 - Testing Get - INFO
2025-05-19 22:20:24,500 - Testing Get Over - INFO
2025-05-19 22:20:24,675 - Testing Post - INFO
2025-05-19 22:20:25,061 - ID Generated:ff808181932badb60196e9742aef42ea - INFO
2025-05-19 22:20:25,061 - Testing Post Over - INFO
2025-05-19 22:20:25,065 - Testing PUT - INFO
2025-05-19 22:20:25,408 - ID Generated:ff808181932badb60196e9742c4542eb - INFO
2025-05-19 22:20:25,605 - Testing PUT Over - INFO
